Warning: Duplicate enemy ID 'lesser_abomination' found in all_enemies.yaml, overriding.
Warning: Duplicate enemy ID 'abomination_twisted_shambler' found in all_enemies.yaml, overriding.
Warning: Duplicate enemy ID 'abomination_flesh_reaver' found in all_enemies.yaml, overriding.
Warning: Duplicate enemy ID 'abomination_brute' found in all_enemies.yaml, overriding.
Warning: Duplicate enemy ID 'abomination_bone_weaver' found in all_enemies.yaml, overriding.
Warning: Duplicate enemy ID 'greater_abomination' found in all_enemies.yaml, overriding.
Warning: Duplicate enemy ID 'abomination_grunt' found in all_enemies.yaml, overriding.
Warning: Duplicate enemy ID 'colossal_abomination' found in all_enemies.yaml, overriding.
Warning: Duplicate enemy ID 'abomination_rotting_god' found in all_enemies.yaml, overriding.
Warning: Duplicate enemy ID 'greater_abomination_brute' found in all_enemies.yaml, overriding.
Warning: Duplicate enemy ID 'abomination_eyestalk_horror' found in all_enemies.yaml, overriding.
Warning: Duplicate enemy ID 'abomination_titan' found in all_enemies.yaml, overriding.
Warning: Duplicate enemy ID 'abomination_maw_of_the_abyss' found in all_enemies.yaml, overriding.
Warning: Duplicate enemy ID 'abomination_overlord' found in all_enemies.yaml, overriding.
Warning: Duplicate enemy ID 'abomination_void_crawler' found in all_enemies.yaml, overriding.
Warning: Duplicate enemy ID 'abyssal_abomination' found in all_enemies.yaml, overriding.
Warning: Duplicate enemy ID 'abomination_dream_eater' found in all_enemies.yaml, overriding.
Warning: Duplicate enemy ID 'dream_devouring_slitcurrent' found in all_enemies.yaml, overriding.
Warning: Duplicate enemy ID 'abomination_hive_queen' found in all_enemies.yaml, overriding.
Warning: Duplicate enemy ID 'abomination_abyssal_leviathan' found in all_enemies.yaml, overriding.
Warning: Duplicate enemy ID 'abomination_annihilation_beast' found in all_enemies.yaml, overriding.
Warning: Duplicate enemy ID 'flesh_amalgam' found in all_enemies.yaml, overriding.
Warning: Duplicate enemy ID 'abomination_chaos_spawn' found in all_enemies.yaml, overriding.
Warning: Duplicate enemy ID 'abomination_world_eater' found in all_enemies.yaml, overriding.
Warning: Duplicate enemy ID 'abomination_doom_of_worlds' found in all_enemies.yaml, overriding.
Warning: Duplicate enemy ID 'abomination_necro_titan' found in all_enemies.yaml, overriding.
Warning: Duplicate enemy ID 'planar_behemoth' found in all_enemies.yaml, overriding.
Warning: Duplicate enemy ID 'abomination_god_serpent' found in all_enemies.yaml, overriding.
Warning: Duplicate enemy ID 'abomination_primordial_chaos' found in all_enemies.yaml, overriding.
Warning: Duplicate enemy ID 'cosmic_abomination' found in all_enemies.yaml, overriding.
Warning: Duplicate enemy ID 'abomination_doom_of_elders' found in all_enemies.yaml, overriding.
Warning: Duplicate enemy ID 'apocalypse_bringer' found in all_enemies.yaml, overriding.
Warning: Duplicate enemy ID 'beast_wolf_pup' found in beast.yaml, overriding.
Warning: Duplicate enemy ID 'cave_rat' found in beast.yaml, overriding.
Warning: Duplicate enemy ID 'forest_spider' found in beast.yaml, overriding.
Warning: Duplicate enemy ID 'wild_dog' found in beast.yaml, overriding.
Warning: Duplicate enemy ID 'beast_feral_cat' found in beast.yaml, overriding.
Warning: Duplicate enemy ID 'swamp_mud_crawler' found in beast.yaml, overriding.
Warning: Duplicate enemy ID 'desert_viper' found in beast.yaml, overriding.
Warning: Duplicate enemy ID 'forest_venom_spitter' found in beast.yaml, overriding.
Warning: Duplicate enemy ID 'beast_maned_hyena' found in beast.yaml, overriding.
Warning: Duplicate enemy ID 'dire_wolf' found in beast.yaml, overriding.
Warning: Duplicate enemy ID 'gnoll_marauder' found in beast.yaml, overriding.
Warning: Duplicate enemy ID 'venom_wolf' found in beast.yaml, overriding.
Warning: Duplicate enemy ID 'battle_hound' found in beast.yaml, overriding.
Warning: Duplicate enemy ID 'beast_snow_leopard' found in beast.yaml, overriding.
Warning: Duplicate enemy ID 'beast_rock_crab' found in beast.yaml, overriding.
Warning: Duplicate enemy ID 'beast_giant_wasp' found in beast.yaml, overriding.
Warning: Duplicate enemy ID 'beast_thunder_bird' found in beast.yaml, overriding.
Warning: Duplicate enemy ID 'beast_alpha_wolf' found in beast.yaml, overriding.
Warning: Duplicate enemy ID 'giant_frost_bear' found in beast.yaml, overriding.
Warning: Duplicate enemy ID 'beast_cave_bear' found in beast.yaml, overriding.
Warning: Duplicate enemy ID 'beast_sabertooth_tiger' found in beast.yaml, overriding.
Warning: Duplicate enemy ID 'beast_alpha_thunder_bird' found in beast.yaml, overriding.
Warning: Duplicate enemy ID 'mutated_bear' found in beast.yaml, overriding.
Warning: Duplicate enemy ID 'vileheart_spiderling' found in beast.yaml, overriding.
Warning: Duplicate enemy ID 'beast_mammoth' found in beast.yaml, overriding.
Warning: Duplicate enemy ID 'beast_great_wyvern' found in beast.yaml, overriding.
Warning: Duplicate enemy ID 'beast_crag_wyrm' found in beast.yaml, overriding.
Warning: Duplicate enemy ID 'minotaur_warrior' found in beast.yaml, overriding.
Warning: Duplicate enemy ID 'beast_desert_worm' found in beast.yaml, overriding.
Warning: Duplicate enemy ID 'broodmother_vileheart' found in beast.yaml, overriding.
Warning: Duplicate enemy ID 'beast_thunder_lizard' found in beast.yaml, overriding.
Warning: Duplicate enemy ID 'beast_roc_chick' found in beast.yaml, overriding.
Warning: Duplicate enemy ID 'beast_lightning_roc' found in beast.yaml, overriding.
Warning: Duplicate enemy ID 'chimera_alpha' found in beast.yaml, overriding.
Warning: Duplicate enemy ID 'beast_sea_serpent' found in beast.yaml, overriding.
Warning: Duplicate enemy ID 'beast_titan_snake' found in beast.yaml, overriding.
Warning: Duplicate enemy ID 'beast_thunder_bird_elder' found in beast.yaml, overriding.
Warning: Duplicate enemy ID 'beast_ancient_wyrm' found in beast.yaml, overriding.
Warning: Duplicate enemy ID 'beast_sky_leviathan' found in beast.yaml, overriding.
Warning: Duplicate enemy ID 'beast_earth_breaker' found in beast.yaml, overriding.
Warning: Duplicate enemy ID 'clockwork_sentinel' found in clockwork.yaml, overriding.
Warning: Duplicate enemy ID 'clockwork_scout_drone' found in clockwork.yaml, overriding.
Warning: Duplicate enemy ID 'clockwork_spy' found in clockwork.yaml, overriding.
Warning: Duplicate enemy ID 'clockwork_repair_bot' found in clockwork.yaml, overriding.
Warning: Duplicate enemy ID 'clockwork_steam_juggernaut' found in clockwork.yaml, overriding.
Warning: Duplicate enemy ID 'arcane_clockwork' found in clockwork.yaml, overriding.
Warning: Duplicate enemy ID 'clockwork_guardian' found in clockwork.yaml, overriding.
Warning: Duplicate enemy ID 'clockwork_warrior' found in clockwork.yaml, overriding.
Warning: Duplicate enemy ID 'clockwork_heavy_sentinel' found in clockwork.yaml, overriding.
Warning: Duplicate enemy ID 'clockwork_overlord' found in clockwork.yaml, overriding.
Warning: Duplicate enemy ID 'clockwork_assassin_bot' found in clockwork.yaml, overriding.
Warning: Duplicate enemy ID 'clockwork_executor' found in clockwork.yaml, overriding.
Warning: Duplicate enemy ID 'titan_clockwork' found in clockwork.yaml, overriding.
Warning: Duplicate enemy ID 'clockwork_titan' found in clockwork.yaml, overriding.
Warning: Duplicate enemy ID 'clockwork_chrono_stabilizer' found in clockwork.yaml, overriding.
Warning: Duplicate enemy ID 'clockwork_heavy_artillery' found in clockwork.yaml, overriding.
Warning: Duplicate enemy ID 'clockwork_arcane_annihilator' found in clockwork.yaml, overriding.
Warning: Duplicate enemy ID 'clockwork_doom_machine' found in clockwork.yaml, overriding.
Warning: Duplicate enemy ID 'clockwork_apocalypse_engine' found in clockwork.yaml, overriding.
Warning: Duplicate enemy ID 'clockwork_colossus' found in clockwork.yaml, overriding.
Warning: Duplicate enemy ID 'clockwork_epoch_engine' found in clockwork.yaml, overriding.
Warning: Duplicate enemy ID 'clockwork_dragon' found in clockwork.yaml, overriding.
Warning: Duplicate enemy ID 'clockwork_genesis_device' found in clockwork.yaml, overriding.
Warning: Duplicate enemy ID 'omega_clockwork_god' found in clockwork.yaml, overriding.
Warning: Duplicate enemy ID 'iron_golem' found in construct.yaml, overriding.
Warning: Duplicate enemy ID 'stone_golem' found in construct.yaml, overriding.
Warning: Duplicate enemy ID 'construct_bronze_sentinel' found in construct.yaml, overriding.
Warning: Duplicate enemy ID 'construct_silver_warden' found in construct.yaml, overriding.
Warning: Duplicate enemy ID 'ancient_construct_sentinel' found in construct.yaml, overriding.
Warning: Duplicate enemy ID 'ancient_golem' found in construct.yaml, overriding.
Warning: Duplicate enemy ID 'adamantine_golem' found in construct.yaml, overriding.
Warning: Duplicate enemy ID 'construct_obsidian_guard' found in construct.yaml, overriding.
Warning: Duplicate enemy ID 'construct_mithril_golem' found in construct.yaml, overriding.
Warning: Duplicate enemy ID 'dream_floatsam' found in construct.yaml, overriding.
Warning: Duplicate enemy ID 'primeval_construct' found in construct.yaml, overriding.
Warning: Duplicate enemy ID 'titanic_golem' found in construct.yaml, overriding.
Warning: Duplicate enemy ID 'construct_rune_guardian' found in construct.yaml, overriding.
Warning: Duplicate enemy ID 'construct_obsidian_colossus' found in construct.yaml, overriding.
Warning: Duplicate enemy ID 'construct_colossal_statue' found in construct.yaml, overriding.
Warning: Duplicate enemy ID 'construct_eternal_warden' found in construct.yaml, overriding.
Warning: Duplicate enemy ID 'construct_titanic_guardian' found in construct.yaml, overriding.
Warning: Duplicate enemy ID 'melt_forge_golem_ignis' found in construct.yaml, overriding.
Warning: Duplicate enemy ID 'construct_star_metal_golem' found in construct.yaml, overriding.
Warning: Duplicate enemy ID 'construct_aurum_golem' found in construct.yaml, overriding.
Warning: Duplicate enemy ID 'construct_primal_guardian' found in construct.yaml, overriding.
Warning: Duplicate enemy ID 'construct_primordial_golem' found in construct.yaml, overriding.
Warning: Duplicate enemy ID 'ancient_chronos_golem' found in construct.yaml, overriding.
Warning: Duplicate enemy ID 'construct_celestial_automaton' found in construct.yaml, overriding.
Warning: Duplicate enemy ID 'yinglong_heaven_pillar' found in construct.yaml, overriding.
Warning: Duplicate enemy ID 'yinglong_heaven_pinning_wedge' found in construct.yaml, overriding.
Warning: Duplicate enemy ID 'imp' found in demon.yaml, overriding.
Warning: Duplicate enemy ID 'lesser_imp' found in demon.yaml, overriding.
Warning: Duplicate enemy ID 'demon_cinder_spirit' found in demon.yaml, overriding.
Warning: Duplicate enemy ID 'demon_brimstone_imp' found in demon.yaml, overriding.
Warning: Duplicate enemy ID 'demon_hellcat' found in demon.yaml, overriding.
Warning: Duplicate enemy ID 'demon_imp' found in demon.yaml, overriding.
Warning: Duplicate enemy ID 'hellhound' found in demon.yaml, overriding.
Warning: Duplicate enemy ID 'demon_malebranche' found in demon.yaml, overriding.
Warning: Duplicate enemy ID 'greater_demon' found in demon.yaml, overriding.
Warning: Duplicate enemy ID 'infernal_commander' found in demon.yaml, overriding.
Warning: Duplicate enemy ID 'demon_knight' found in demon.yaml, overriding.
Warning: Duplicate enemy ID 'infernal_hound' found in demon.yaml, overriding.
Warning: Duplicate enemy ID 'infernal_priest' found in demon.yaml, overriding.
Warning: Duplicate enemy ID 'demon_pain_master' found in demon.yaml, overriding.
Warning: Duplicate enemy ID 'demon_abyssal_knight' found in demon.yaml, overriding.
Warning: Duplicate enemy ID 'incubus_infiltrator' found in demon.yaml, overriding.
Warning: Duplicate enemy ID 'demon_lord' found in demon.yaml, overriding.
Warning: Duplicate enemy ID 'demon_void_imp' found in demon.yaml, overriding.
Warning: Duplicate enemy ID 'demon_infernal_guardian' found in demon.yaml, overriding.
Warning: Duplicate enemy ID 'balor_demon' found in demon.yaml, overriding.
Warning: Duplicate enemy ID 'chaos_fiend' found in demon.yaml, overriding.
Warning: Duplicate enemy ID 'demon_shadow_demon' found in demon.yaml, overriding.
Warning: Duplicate enemy ID 'demon_gore_brute' found in demon.yaml, overriding.
Warning: Duplicate enemy ID 'demon_marilith' found in demon.yaml, overriding.
Warning: Duplicate enemy ID 'demon_pit_fiend' found in demon.yaml, overriding.
Warning: Duplicate enemy ID 'abyssal_juggernaut' found in demon.yaml, overriding.
Warning: Duplicate enemy ID 'demon_overlord_of_legions' found in demon.yaml, overriding.
Warning: Duplicate enemy ID 'demon_arch_devil' found in demon.yaml, overriding.
Warning: Duplicate enemy ID 'demon_lord_of_ruin' found in demon.yaml, overriding.
Warning: Duplicate enemy ID 'young_dragonkin' found in dragonkin.yaml, overriding.
Warning: Duplicate enemy ID 'elder_dragonkin' found in dragonkin.yaml, overriding.
Warning: Duplicate enemy ID 'dragonkin_scorched_zealot' found in dragonkin.yaml, overriding.
Warning: Duplicate enemy ID 'dragonkin_scout' found in dragonkin.yaml, overriding.
Warning: Duplicate enemy ID 'mature_dragonkin' found in dragonkin.yaml, overriding.
Warning: Duplicate enemy ID 'dragonkin_flame_weaver' found in dragonkin.yaml, overriding.
Warning: Duplicate enemy ID 'dragonkin_ancient_wyrm' found in dragonkin.yaml, overriding.
Warning: Duplicate enemy ID 'ancient_dragonkin' found in dragonkin.yaml, overriding.
Warning: Duplicate enemy ID 'dragonkin_captain' found in dragonkin.yaml, overriding.
Warning: Duplicate enemy ID 'dragonkin_storm_roarer' found in dragonkin.yaml, overriding.
Warning: Duplicate enemy ID 'wyvern_rider' found in dragonkin.yaml, overriding.
Warning: Duplicate enemy ID 'dragonkin_iron_scale' found in dragonkin.yaml, overriding.
Warning: Duplicate enemy ID 'dragonkin_flare_drake' found in dragonkin.yaml, overriding.
Warning: Duplicate enemy ID 'dragonkin_overlord' found in dragonkin.yaml, overriding.
Warning: Duplicate enemy ID 'dragonkin_ancient_guardian' found in dragonkin.yaml, overriding.
Warning: Duplicate enemy ID 'dragonkin_ice_claw' found in dragonkin.yaml, overriding.
Warning: Duplicate enemy ID 'draconic_vanguard' found in dragonkin.yaml, overriding.
Warning: Duplicate enemy ID 'dragonkin_sky_terror' found in dragonkin.yaml, overriding.
Warning: Duplicate enemy ID 'dragonkin_storm_wing' found in dragonkin.yaml, overriding.
Warning: Duplicate enemy ID 'dragon_knight_commander' found in dragonkin.yaml, overriding.
Warning: Duplicate enemy ID 'dragonkin_elder_wyrm' found in dragonkin.yaml, overriding.
Warning: Duplicate enemy ID 'dragonkin_abyssal_drake' found in dragonkin.yaml, overriding.
Warning: Duplicate enemy ID 'dragonkin_time_drake' found in dragonkin.yaml, overriding.
Warning: Duplicate enemy ID 'heaven_banished_dragon_yinglong' found in dragonkin.yaml, overriding.
Warning: Duplicate enemy ID 'elemental_spark' found in elemental.yaml, overriding.
Warning: Duplicate enemy ID 'magical_rune_dust' found in elemental.yaml, overriding.
Warning: Duplicate enemy ID 'elemental_pebble' found in elemental.yaml, overriding.
Warning: Duplicate enemy ID 'elemental_sand_whirl' found in elemental.yaml, overriding.
Warning: Duplicate enemy ID 'elemental_mud_geyser' found in elemental.yaml, overriding.
Warning: Duplicate enemy ID 'fire_elemental' found in elemental.yaml, overriding.
Warning: Duplicate enemy ID 'ice_elemental' found in elemental.yaml, overriding.
Warning: Duplicate enemy ID 'tide_caller' found in elemental.yaml, overriding.
Warning: Duplicate enemy ID 'elemental_steam_vent' found in elemental.yaml, overriding.
Warning: Duplicate enemy ID 'elemental_crystal_shard' found in elemental.yaml, overriding.
Warning: Duplicate enemy ID 'wind_elemental' found in elemental.yaml, overriding.
Warning: Duplicate enemy ID 'earth_elemental' found in elemental.yaml, overriding.
Warning: Duplicate enemy ID 'flame_salamander' found in elemental.yaml, overriding.
Warning: Duplicate enemy ID 'thunder_elemental' found in elemental.yaml, overriding.
Warning: Duplicate enemy ID 'arcane_elemental' found in elemental.yaml, overriding.
Warning: Duplicate enemy ID 'elemental_ash_wraith' found in elemental.yaml, overriding.
Warning: Duplicate enemy ID 'storm_elemental' found in elemental.yaml, overriding.
Warning: Duplicate enemy ID 'magma_elemental' found in elemental.yaml, overriding.
Warning: Duplicate enemy ID 'crystal_golem_elemental' found in elemental.yaml, overriding.
Warning: Duplicate enemy ID 'void_elemental' found in elemental.yaml, overriding.
Warning: Duplicate enemy ID 'elemental_cataclysm' found in elemental.yaml, overriding.
Warning: Duplicate enemy ID 'elemental_lightning_orb' found in elemental.yaml, overriding.
Warning: Duplicate enemy ID 'elemental_plasma_sphere' found in elemental.yaml, overriding.
Warning: Duplicate enemy ID 'primordial_elemental' found in elemental.yaml, overriding.
Warning: Duplicate enemy ID 'elemental_azure_whirl' found in elemental.yaml, overriding.
Warning: Duplicate enemy ID 'plasma_elemental' found in elemental.yaml, overriding.
Warning: Duplicate enemy ID 'elemental_magma_behemoth' found in elemental.yaml, overriding.
Warning: Duplicate enemy ID 'void_walker' found in elemental.yaml, overriding.
Warning: Duplicate enemy ID 'fey_glowmoth' found in fey.yaml, overriding.
Warning: Duplicate enemy ID 'pixie_trickster' found in fey.yaml, overriding.
Warning: Duplicate enemy ID 'fey_sprite' found in fey.yaml, overriding.
Warning: Duplicate enemy ID 'fey_leaf_whisper' found in fey.yaml, overriding.
Warning: Duplicate enemy ID 'fey_moss_guardian' found in fey.yaml, overriding.
Warning: Duplicate enemy ID 'forest_spirit' found in fey.yaml, overriding.
Warning: Duplicate enemy ID 'fey_wisp_trickster' found in fey.yaml, overriding.
Warning: Duplicate enemy ID 'fey_trickster_lord' found in fey.yaml, overriding.
Warning: Duplicate enemy ID 'fey_bramble_hulk' found in fey.yaml, overriding.
Warning: Duplicate enemy ID 'fey_moon_dancer' found in fey.yaml, overriding.
Warning: Duplicate enemy ID 'fey_blossom_sentry' found in fey.yaml, overriding.
Warning: Duplicate enemy ID 'great_forest_guardian' found in fey.yaml, overriding.
Warning: Duplicate enemy ID 'fey_lord' found in fey.yaml, overriding.
Warning: Duplicate enemy ID 'archfey_sentinel' found in fey.yaml, overriding.
Warning: Duplicate enemy ID 'fey_ancient_dryad' found in fey.yaml, overriding.
Warning: Duplicate enemy ID 'fey_mist_phantom' found in fey.yaml, overriding.
Warning: Duplicate enemy ID 'fey_winter_queen' found in fey.yaml, overriding.
Warning: Duplicate enemy ID 'fey_dream_weaver' found in fey.yaml, overriding.
Warning: Duplicate enemy ID 'fey_wild_stalker' found in fey.yaml, overriding.
Warning: Duplicate enemy ID 'queen_of_mirrors_sylvana' found in fey.yaml, overriding.
Warning: Duplicate enemy ID 'sylvana_mirror_copy' found in fey.yaml, overriding.
Warning: Duplicate enemy ID 'fey_verdant_queen_guard' found in fey.yaml, overriding.
Warning: Duplicate enemy ID 'summer_court_knight' found in fey.yaml, overriding.
Warning: Duplicate enemy ID 'giant_tiny_troll' found in giant.yaml, overriding.
Warning: Duplicate enemy ID 'mountain_rock_thrower' found in giant.yaml, overriding.
Warning: Duplicate enemy ID 'mountain_troll' found in giant.yaml, overriding.
Warning: Duplicate enemy ID 'giant_ogre_thug' found in giant.yaml, overriding.
Warning: Duplicate enemy ID 'troll_regenerator' found in giant.yaml, overriding.
Warning: Duplicate enemy ID 'hill_giant' found in giant.yaml, overriding.
Warning: Duplicate enemy ID 'giant_cyclops' found in giant.yaml, overriding.
Warning: Duplicate enemy ID 'giant_frost_giant_brute' found in giant.yaml, overriding.
Warning: Duplicate enemy ID 'storm_giant' found in giant.yaml, overriding.
Warning: Duplicate enemy ID 'giant_fire_giant_forgemaster' found in giant.yaml, overriding.
Warning: Duplicate enemy ID 'mountain_giant' found in giant.yaml, overriding.
Warning: Duplicate enemy ID 'giant_cloud_giant_thunderer' found in giant.yaml, overriding.
Warning: Duplicate enemy ID 'titanic_behemoth' found in giant.yaml, overriding.
Warning: Duplicate enemy ID 'giant_mountain_behemoth' found in giant.yaml, overriding.
Warning: Duplicate enemy ID 'giant_elder_cyclops' found in giant.yaml, overriding.
Warning: Duplicate enemy ID 'frost_giant' found in giant.yaml, overriding.
Warning: Duplicate enemy ID 'giant_crag_titan' found in giant.yaml, overriding.
Warning: Duplicate enemy ID 'giant_doom_giant' found in giant.yaml, overriding.
Warning: Duplicate enemy ID 'giant_king_of_the_peaks' found in giant.yaml, overriding.
Warning: Duplicate enemy ID 'giant_thunder_titan' found in giant.yaml, overriding.
Warning: Duplicate enemy ID 'fire_giant_forge_master' found in giant.yaml, overriding.
Warning: Duplicate enemy ID 'giant_supreme_titan' found in giant.yaml, overriding.
Warning: Duplicate enemy ID 'ancient_cyclops' found in giant.yaml, overriding.
Warning: Duplicate enemy ID 'elder_titan' found in giant.yaml, overriding.
Warning: Duplicate enemy ID 'giant_world_carrier' found in giant.yaml, overriding.
Warning: Duplicate enemy ID 'gnome_tinker' found in gnome.yaml, overriding.
Warning: Duplicate enemy ID 'gnome_clockwork_helper' found in gnome.yaml, overriding.
Warning: Duplicate enemy ID 'gnome_mushroom_farmer' found in gnome.yaml, overriding.
Warning: Duplicate enemy ID 'gnome_potion_thrower' found in gnome.yaml, overriding.
Warning: Duplicate enemy ID 'gnome_saboteur' found in gnome.yaml, overriding.
Warning: Duplicate enemy ID 'gnome_illusionist' found in gnome.yaml, overriding.
Warning: Duplicate enemy ID 'gnome_alchemist' found in gnome.yaml, overriding.
Warning: Duplicate enemy ID 'gnome_gear_master' found in gnome.yaml, overriding.
Warning: Duplicate enemy ID 'gnome_skycaptain' found in gnome.yaml, overriding.
Warning: Duplicate enemy ID 'gnome_arcane_trickster' found in gnome.yaml, overriding.
Warning: Duplicate enemy ID 'gnome_elemental_binder' found in gnome.yaml, overriding.
Warning: Duplicate enemy ID 'master_artificer' found in gnome.yaml, overriding.
Warning: Duplicate enemy ID 'gnome_aether_engineer' found in gnome.yaml, overriding.
Warning: Duplicate enemy ID 'gnome_high_artificer' found in gnome.yaml, overriding.
Warning: Duplicate enemy ID 'gnome_mecha_pilot' found in gnome.yaml, overriding.
Warning: Duplicate enemy ID 'goblin_ratcatcher' found in goblin.yaml, overriding.
Warning: Duplicate enemy ID 'goblin_scout' found in goblin.yaml, overriding.
Warning: Duplicate enemy ID 'goblin_thief' found in goblin.yaml, overriding.
Warning: Duplicate enemy ID 'goblin_archer' found in goblin.yaml, overriding.
Warning: Duplicate enemy ID 'goblin_knifer' found in goblin.yaml, overriding.
Warning: Duplicate enemy ID 'goblin_shaman' found in goblin.yaml, overriding.
Warning: Duplicate enemy ID 'goblin_whisperer' found in goblin.yaml, overriding.
Warning: Duplicate enemy ID 'human_footpad' found in human.yaml, overriding.
Warning: Duplicate enemy ID 'human_peasant_brigand' found in human.yaml, overriding.
Warning: Duplicate enemy ID 'bandit' found in human.yaml, overriding.
Warning: Duplicate enemy ID 'thief' found in human.yaml, overriding.
Warning: Duplicate enemy ID 'coastal_raider' found in human.yaml, overriding.
Warning: Duplicate enemy ID 'novice_mage' found in human.yaml, overriding.
Warning: Duplicate enemy ID 'temperate_bandit_leader' found in human.yaml, overriding.
Warning: Duplicate enemy ID 'bandit_bruiser' found in human.yaml, overriding.
Warning: Duplicate enemy ID 'human_bounty_hunter' found in human.yaml, overriding.
Warning: Duplicate enemy ID 'cultist' found in human.yaml, overriding.
Warning: Duplicate enemy ID 'mercenary' found in human.yaml, overriding.
Warning: Duplicate enemy ID 'human_archer_captain' found in human.yaml, overriding.
Warning: Duplicate enemy ID 'human_fencer' found in human.yaml, overriding.
Warning: Duplicate enemy ID 'elite_assassin' found in human.yaml, overriding.
Warning: Duplicate enemy ID 'veteran_swordsman' found in human.yaml, overriding.
Warning: Duplicate enemy ID 'dark_knight' found in human.yaml, overriding.
Warning: Duplicate enemy ID 'human_imperial_knight' found in human.yaml, overriding.
Warning: Duplicate enemy ID 'rogue_assassin' found in human.yaml, overriding.
Warning: Duplicate enemy ID 'elven_blade_dancer' found in human.yaml, overriding.
Warning: Duplicate enemy ID 'human_high_mage' found in human.yaml, overriding.
Warning: Duplicate enemy ID 'human_swordmaster' found in human.yaml, overriding.
Warning: Duplicate enemy ID 'warlord_general' found in human.yaml, overriding.
Warning: Duplicate enemy ID 'human_blackguard' found in human.yaml, overriding.
Warning: Duplicate enemy ID 'lizardfolk_egg_stealer' found in lizardfolk.yaml, overriding.
Warning: Duplicate enemy ID 'lizardfolk_hunter' found in lizardfolk.yaml, overriding.
Warning: Duplicate enemy ID 'lizardfolk_scout' found in lizardfolk.yaml, overriding.
Warning: Duplicate enemy ID 'lizardfolk_spearman' found in lizardfolk.yaml, overriding.
Warning: Duplicate enemy ID 'lizardfolk_warrior' found in lizardfolk.yaml, overriding.
Warning: Duplicate enemy ID 'lizardfolk_shaman' found in lizardfolk.yaml, overriding.
Warning: Duplicate enemy ID 'lizardfolk_swamp_witch' found in lizardfolk.yaml, overriding.
Warning: Duplicate enemy ID 'lizardfolk_champion' found in lizardfolk.yaml, overriding.
Warning: Duplicate enemy ID 'lizardfolk_high_priest' found in lizardfolk.yaml, overriding.
Warning: Duplicate enemy ID 'lizardfolk_venom_priest' found in lizardfolk.yaml, overriding.
Warning: Duplicate enemy ID 'greater_lizardfolk_brute' found in lizardfolk.yaml, overriding.
Warning: Duplicate enemy ID 'lizardfolk_warlord' found in lizardfolk.yaml, overriding.
Warning: Duplicate enemy ID 'lizardfolk_coastal_reaver' found in lizardfolk.yaml, overriding.
Warning: Duplicate enemy ID 'lizardfolk_ancient_guardian' found in lizardfolk.yaml, overriding.
Warning: Duplicate enemy ID 'lizardfolk_gladiator' found in lizardfolk.yaml, overriding.
Warning: Duplicate enemy ID 'lizardfolk_king' found in lizardfolk.yaml, overriding.
Warning: Duplicate enemy ID 'lizardfolk_death_gazer' found in lizardfolk.yaml, overriding.
Warning: Duplicate enemy ID 'lizardfolk_ancient_one' found in lizardfolk.yaml, overriding.
Warning: Duplicate enemy ID 'lizardfolk_god_king' found in lizardfolk.yaml, overriding.
Warning: Duplicate enemy ID 'orc_grunt' found in orc.yaml, overriding.
Warning: Duplicate enemy ID 'orc_half_breed_outcast' found in orc.yaml, overriding.
Warning: Duplicate enemy ID 'orc_brute' found in orc.yaml, overriding.
Warning: Duplicate enemy ID 'orc_shaman' found in orc.yaml, overriding.
Warning: Duplicate enemy ID 'orc_hunter' found in orc.yaml, overriding.
Warning: Duplicate enemy ID 'orc_raider' found in orc.yaml, overriding.
Warning: Duplicate enemy ID 'orc_warlord' found in orc.yaml, overriding.
Warning: Duplicate enemy ID 'orc_chieftain' found in orc.yaml, overriding.
Warning: Duplicate enemy ID 'orc_war_priest' found in orc.yaml, overriding.
Warning: Duplicate enemy ID 'orc_berserker' found in orc.yaml, overriding.
Warning: Duplicate enemy ID 'orc_blade_dancer' found in orc.yaml, overriding.
Warning: Duplicate enemy ID 'orc_blood_shaman' found in orc.yaml, overriding.
Warning: Duplicate enemy ID 'orc_berserker_chief' found in orc.yaml, overriding.
Warning: Duplicate enemy ID 'orc_gladiator' found in orc.yaml, overriding.
Warning: Duplicate enemy ID 'orc_war_matriarch' found in orc.yaml, overriding.
Warning: Duplicate enemy ID 'orc_flesh_ripper' found in orc.yaml, overriding.
Warning: Duplicate enemy ID 'orc_warbringer' found in orc.yaml, overriding.
Warning: Duplicate enemy ID 'orc_blood_chieftain' found in orc.yaml, overriding.
Warning: Duplicate enemy ID 'shadow_rat' found in shadow.yaml, overriding.
Warning: Duplicate enemy ID 'shadow_stalker' found in shadow.yaml, overriding.
Warning: Duplicate enemy ID 'shadow_creeper' found in shadow.yaml, overriding.
Warning: Duplicate enemy ID 'shadow_fiend' found in shadow.yaml, overriding.
Warning: Duplicate enemy ID 'shadow_veil_hunter' found in shadow.yaml, overriding.
Warning: Duplicate enemy ID 'shadow_assassin' found in shadow.yaml, overriding.
Warning: Duplicate enemy ID 'shadow_wraithling' found in shadow.yaml, overriding.
Warning: Duplicate enemy ID 'shadow_night_terror' found in shadow.yaml, overriding.
Warning: Duplicate enemy ID 'night_stalker' found in shadow.yaml, overriding.
Warning: Duplicate enemy ID 'shadow_lord' found in shadow.yaml, overriding.
Warning: Duplicate enemy ID 'shadow_reaver' found in shadow.yaml, overriding.
Warning: Duplicate enemy ID 'void_shadow' found in shadow.yaml, overriding.
Warning: Duplicate enemy ID 'shadow_phantom_king' found in shadow.yaml, overriding.
Warning: Duplicate enemy ID 'shadow_hunter' found in shadow.yaml, overriding.
Warning: Duplicate enemy ID 'shadow_umbral_blade' found in shadow.yaml, overriding.
Warning: Duplicate enemy ID 'greater_shadow_stalker' found in shadow.yaml, overriding.
Warning: Duplicate enemy ID 'eternal_shadow' found in shadow.yaml, overriding.
Warning: Duplicate enemy ID 'shadow_dragon' found in shadow.yaml, overriding.
Warning: Duplicate enemy ID 'shadow_dark_messenger' found in shadow.yaml, overriding.
Warning: Duplicate enemy ID 'shadow_umbral_emperor' found in shadow.yaml, overriding.
Warning: Duplicate enemy ID 'shadow_umbral_hunter' found in shadow.yaml, overriding.
Warning: Duplicate enemy ID 'eclipse_knight' found in shadow.yaml, overriding.
Warning: Duplicate enemy ID 'shadow_abyssal_watcher' found in shadow.yaml, overriding.
Warning: Duplicate enemy ID 'shadow_eclipse_bringer' found in shadow.yaml, overriding.
Warning: Duplicate enemy ID 'shadow_void_lord' found in shadow.yaml, overriding.
Warning: Duplicate enemy ID 'abyssal_stalker' found in shadow.yaml, overriding.
Warning: Duplicate enemy ID 'darkness_incarnate' found in shadow.yaml, overriding.
Warning: Duplicate enemy ID 'shadow_abyss_lord' found in shadow.yaml, overriding.
Warning: Duplicate enemy ID 'shadow_void_spectre' found in shadow.yaml, overriding.
Warning: Duplicate enemy ID 'broodmother_vileheart' found in superbosses.yaml, overriding.
Warning: Duplicate enemy ID 'dream_devouring_slitcurrent' found in superbosses.yaml, overriding.
Warning: Duplicate enemy ID 'melt_forge_golem_ignis' found in superbosses.yaml, overriding.
Warning: Duplicate enemy ID 'queen_of_mirrors_sylvana' found in superbosses.yaml, overriding.
Warning: Duplicate enemy ID 'heaven_banished_dragon_yinglong' found in superbosses.yaml, overriding.
Warning: Duplicate enemy ID 'undead_rotting_hand' found in undead.yaml, overriding.
Warning: Duplicate enemy ID 'skeleton' found in undead.yaml, overriding.
Warning: Duplicate enemy ID 'rotten_carcass' found in undead.yaml, overriding.
Warning: Duplicate enemy ID 'zombie_minion' found in undead.yaml, overriding.
Warning: Duplicate enemy ID 'zombie' found in undead.yaml, overriding.
Warning: Duplicate enemy ID 'undead_banshee_wailer' found in undead.yaml, overriding.
Warning: Duplicate enemy ID 'undead_corpse_swarm' found in undead.yaml, overriding.
Warning: Duplicate enemy ID 'ghoul' found in undead.yaml, overriding.
Warning: Duplicate enemy ID 'spectral_knight' found in undead.yaml, overriding.
Warning: Duplicate enemy ID 'wraith' found in undead.yaml, overriding.
Warning: Duplicate enemy ID 'undead_festering_zombie' found in undead.yaml, overriding.
Warning: Duplicate enemy ID 'bone_colossus' found in undead.yaml, overriding.
Warning: Duplicate enemy ID 'skeletal_mage' found in undead.yaml, overriding.
Warning: Duplicate enemy ID 'undead_war_behemoth' found in undead.yaml, overriding.
Warning: Duplicate enemy ID 'death_knight' found in undead.yaml, overriding.
Warning: Duplicate enemy ID 'lich' found in undead.yaml, overriding.
Warning: Duplicate enemy ID 'undead_drowned_captain' found in undead.yaml, overriding.
Warning: Duplicate enemy ID 'undead_phantom_archer' found in undead.yaml, overriding.
Warning: Duplicate enemy ID 'undead_crimson_knight' found in undead.yaml, overriding.
Warning: Duplicate enemy ID 'undead_rotting_giant' found in undead.yaml, overriding.
Warning: Duplicate enemy ID 'arch_lich' found in undead.yaml, overriding.
Warning: Duplicate enemy ID 'undead_lich_servitor' found in undead.yaml, overriding.
Warning: Duplicate enemy ID 'undead_death_guard' found in undead.yaml, overriding.
Warning: Duplicate enemy ID 'undead_void_lich' found in undead.yaml, overriding.
Warning: Duplicate enemy ID 'bone_dragon' found in undead.yaml, overriding.
Warning: Duplicate enemy ID 'undead_eternal_sentinel' found in undead.yaml, overriding.
Warning: Duplicate enemy ID 'undead_dread_lich' found in undead.yaml, overriding.
Warning: Duplicate enemy ID 'undead_dread_emperor' found in undead.yaml, overriding.
Warning: Duplicate enemy ID 'undead_spectral_dragon' found in undead.yaml, overriding.
Warning: Duplicate enemy ID 'undead_soul_reaper' found in undead.yaml, overriding.
Warning: Duplicate enemy ID 'death_bringer' found in undead.yaml, overriding.
Warning: Duplicate enemy ID 'undead_eternal_emperor' found in undead.yaml, overriding.
Warning: Duplicate enemy ID 'vampire_bat_swarm' found in vampire.yaml, overriding.
Warning: Duplicate enemy ID 'vampire_fledgling' found in vampire.yaml, overriding.
Warning: Duplicate enemy ID 'vampire_spawn' found in vampire.yaml, overriding.
Warning: Duplicate enemy ID 'blood_vampire' found in vampire.yaml, overriding.
Warning: Duplicate enemy ID 'vampire_noble_brat' found in vampire.yaml, overriding.
Warning: Duplicate enemy ID 'vampire_bloodknight' found in vampire.yaml, overriding.
Warning: Duplicate enemy ID 'ancient_vampire' found in vampire.yaml, overriding.
Warning: Duplicate enemy ID 'vampire_blood_scribe' found in vampire.yaml, overriding.
Warning: Duplicate enemy ID 'vampire_mist_walker' found in vampire.yaml, overriding.
Warning: Duplicate enemy ID 'vampire_lord' found in vampire.yaml, overriding.
Warning: Duplicate enemy ID 'vampire_night_claw' found in vampire.yaml, overriding.
Warning: Duplicate enemy ID 'vampire_nosferatu_elder' found in vampire.yaml, overriding.
Warning: Duplicate enemy ID 'vampire_dread_visor' found in vampire.yaml, overriding.
Warning: Duplicate enemy ID 'nosferatu_stalker' found in vampire.yaml, overriding.
Warning: Duplicate enemy ID 'vampire_blood_duchess' found in vampire.yaml, overriding.
Warning: Duplicate enemy ID 'vampire_nocturnal_king' found in vampire.yaml, overriding.
Warning: Duplicate enemy ID 'vampire_crimson_lord' found in vampire.yaml, overriding.
Total enemies loaded: 457
============================================================
TESTING ELEMENTAL SYSTEM
============================================================

[TEST 1] Player Creation & Elemental Initialization
python : Traceback (most recent call last):
At line:1 char:1
+ python test_elemental.py > test_output.txt 2>&1; Get-Content test_out ...
+ ~~~~~~~~~~~~~~~~~~~~~~~~~~~~~~~~~~~~~~~~~~~~~~~
    + CategoryInfo          : NotSpecified: (Traceback (most recent call last) 
   ::String) [], RemoteException
    + FullyQualifiedErrorId : NativeCommandError
 
  File "C:\Code\TerminalRPG\test_elemental.py", line 28, in <module>
    print("\u2713 Elemental fields created successfully")
    ~~~~~^^^^^^^^^^^^^^^^^^^^^^^^^^^^^^^^^^^^^^^^^^^
UnicodeEncodeError: 'cp932' codec can't encode character '\u2713' in position 
0: illegal multibyte sequence

During handling of the above exception, another exception occurred:

Traceback (most recent call last):
  File "C:\Code\TerminalRPG\test_elemental.py", line 34, in <module>
    print(f"\u2717 Error during player creation: {e}")
    ~~~~~^^^^^^^^^^^^^^^^^^^^^^^^^^^^^^^^^^^^^^^^
UnicodeEncodeError: 'cp932' codec can't encode character '\u2717' in position 
0: illegal multibyte sequence
